[2022-09-23T22:14:08.891-0500][gc] Using G1
[2022-09-23T22:14:08.902-0500][gc,init] Version: 17.0.4+8-Ubuntu-122.04 (release)
[2022-09-23T22:14:08.902-0500][gc,init] CPUs: 12 total, 12 available
[2022-09-23T22:14:08.902-0500][gc,init] Memory: 15723M
[2022-09-23T22:14:08.902-0500][gc,init] Large Page Support: Disabled
[2022-09-23T22:14:08.902-0500][gc,init] NUMA Support: Disabled
[2022-09-23T22:14:08.902-0500][gc,init] Compressed Oops: Enabled (32-bit)
[2022-09-23T22:14:08.902-0500][gc,init] Heap Region Size: 1M
[2022-09-23T22:14:08.902-0500][gc,init] Heap Min Capacity: 1G
[2022-09-23T22:14:08.902-0500][gc,init] Heap Initial Capacity: 1G
[2022-09-23T22:14:08.902-0500][gc,init] Heap Max Capacity: 1G
[2022-09-23T22:14:08.902-0500][gc,init] Pre-touch: Disabled
[2022-09-23T22:14:08.902-0500][gc,init] Parallel Workers: 10
[2022-09-23T22:14:08.902-0500][gc,init] Concurrent Workers: 3
[2022-09-23T22:14:08.902-0500][gc,init] Concurrent Refinement Workers: 10
[2022-09-23T22:14:08.902-0500][gc,init] Periodic GC: Disabled
[2022-09-23T22:14:08.903-0500][gc,metaspace] CDS archive(s) mapped at: [0x0000000800000000-0x0000000800be3000-0x0000000800be3000), size 12464128, SharedBaseAddress: 0x0000000800000000, ArchiveRelocationMode: 0.
[2022-09-23T22:14:08.903-0500][gc,metaspace] Compressed class space mapped at: 0x0000000800c00000-0x0000000840c00000, reserved size: 1073741824
[2022-09-23T22:14:08.903-0500][gc,metaspace] Narrow klass base: 0x0000000800000000, Narrow klass shift: 0, Narrow klass range: 0x100000000
[2022-09-23T22:14:09.520-0500][gc,start    ] GC(0) Pause Young (Normal) (G1 Evacuation Pause)
[2022-09-23T22:14:09.521-0500][gc,task     ] GC(0) Using 10 workers of 10 for evacuation
[2022-09-23T22:14:09.527-0500][gc,phases   ] GC(0)   Pre Evacuate Collection Set: 0.1ms
[2022-09-23T22:14:09.527-0500][gc,phases   ] GC(0)   Merge Heap Roots: 0.0ms
[2022-09-23T22:14:09.527-0500][gc,phases   ] GC(0)   Evacuate Collection Set: 5.5ms
[2022-09-23T22:14:09.527-0500][gc,phases   ] GC(0)   Post Evacuate Collection Set: 0.5ms
[2022-09-23T22:14:09.527-0500][gc,phases   ] GC(0)   Other: 0.4ms
[2022-09-23T22:14:09.527-0500][gc,heap     ] GC(0) Eden regions: 51->0(44)
[2022-09-23T22:14:09.527-0500][gc,heap     ] GC(0) Survivor regions: 0->7(7)
[2022-09-23T22:14:09.527-0500][gc,heap     ] GC(0) Old regions: 0->1
[2022-09-23T22:14:09.527-0500][gc,heap     ] GC(0) Archive regions: 2->2
[2022-09-23T22:14:09.527-0500][gc,heap     ] GC(0) Humongous regions: 0->0
[2022-09-23T22:14:09.527-0500][gc,metaspace] GC(0) Metaspace: 19078K(19264K)->19078K(19264K) NonClass: 16779K(16896K)->16779K(16896K) Class: 2299K(2368K)->2299K(2368K)
[2022-09-23T22:14:09.527-0500][gc          ] GC(0) Pause Young (Normal) (G1 Evacuation Pause) 51M->8M(1024M) 6.643ms
[2022-09-23T22:14:09.527-0500][gc,cpu      ] GC(0) User=0.02s Sys=0.01s Real=0.01s
[2022-09-23T22:14:09.673-0500][gc,start    ] GC(1) Pause Young (Concurrent Start) (Metadata GC Threshold)
[2022-09-23T22:14:09.673-0500][gc,task     ] GC(1) Using 10 workers of 10 for evacuation
[2022-09-23T22:14:09.676-0500][gc,phases   ] GC(1)   Pre Evacuate Collection Set: 0.1ms
[2022-09-23T22:14:09.676-0500][gc,phases   ] GC(1)   Merge Heap Roots: 0.0ms
[2022-09-23T22:14:09.676-0500][gc,phases   ] GC(1)   Evacuate Collection Set: 2.3ms
[2022-09-23T22:14:09.676-0500][gc,phases   ] GC(1)   Post Evacuate Collection Set: 0.4ms
[2022-09-23T22:14:09.676-0500][gc,phases   ] GC(1)   Other: 0.2ms
[2022-09-23T22:14:09.676-0500][gc,heap     ] GC(1) Eden regions: 11->0(49)
[2022-09-23T22:14:09.676-0500][gc,heap     ] GC(1) Survivor regions: 7->2(7)
[2022-09-23T22:14:09.676-0500][gc,heap     ] GC(1) Old regions: 1->8
[2022-09-23T22:14:09.676-0500][gc,heap     ] GC(1) Archive regions: 2->2
[2022-09-23T22:14:09.676-0500][gc,heap     ] GC(1) Humongous regions: 129->129
[2022-09-23T22:14:09.676-0500][gc,metaspace] GC(1) Metaspace: 21333K(21504K)->21333K(21504K) NonClass: 18746K(18816K)->18746K(18816K) Class: 2587K(2688K)->2587K(2688K)
[2022-09-23T22:14:09.676-0500][gc          ] GC(1) Pause Young (Concurrent Start) (Metadata GC Threshold) 147M->138M(1024M) 3.202ms
[2022-09-23T22:14:09.676-0500][gc,cpu      ] GC(1) User=0.01s Sys=0.01s Real=0.00s
[2022-09-23T22:14:09.677-0500][gc          ] GC(2) Concurrent Mark Cycle
[2022-09-23T22:14:09.677-0500][gc,marking  ] GC(2) Concurrent Clear Claimed Marks
[2022-09-23T22:14:09.677-0500][gc,marking  ] GC(2) Concurrent Clear Claimed Marks 0.046ms
[2022-09-23T22:14:09.677-0500][gc,marking  ] GC(2) Concurrent Scan Root Regions
[2022-09-23T22:14:09.678-0500][gc,marking  ] GC(2) Concurrent Scan Root Regions 1.793ms
[2022-09-23T22:14:09.678-0500][gc,marking  ] GC(2) Concurrent Mark
[2022-09-23T22:14:09.678-0500][gc,marking  ] GC(2) Concurrent Mark From Roots
[2022-09-23T22:14:09.678-0500][gc,task     ] GC(2) Using 3 workers of 3 for marking
[2022-09-23T22:14:09.680-0500][gc,marking  ] GC(2) Concurrent Mark From Roots 1.048ms
[2022-09-23T22:14:09.680-0500][gc,marking  ] GC(2) Concurrent Preclean
[2022-09-23T22:14:09.680-0500][gc,marking  ] GC(2) Concurrent Preclean 0.031ms
[2022-09-23T22:14:09.680-0500][gc,start    ] GC(2) Pause Remark
[2022-09-23T22:14:09.681-0500][gc          ] GC(2) Pause Remark 139M->139M(1024M) 0.897ms
[2022-09-23T22:14:09.681-0500][gc,cpu      ] GC(2) User=0.01s Sys=0.00s Real=0.00s
[2022-09-23T22:14:09.681-0500][gc,marking  ] GC(2) Concurrent Mark 2.148ms
[2022-09-23T22:14:09.681-0500][gc,marking  ] GC(2) Concurrent Rebuild Remembered Sets
[2022-09-23T22:14:09.682-0500][gc,marking  ] GC(2) Concurrent Rebuild Remembered Sets 1.186ms
[2022-09-23T22:14:09.682-0500][gc,start    ] GC(2) Pause Cleanup
[2022-09-23T22:14:09.682-0500][gc          ] GC(2) Pause Cleanup 139M->139M(1024M) 0.069ms
[2022-09-23T22:14:09.682-0500][gc,cpu      ] GC(2) User=0.00s Sys=0.00s Real=0.00s
[2022-09-23T22:14:09.682-0500][gc,marking  ] GC(2) Concurrent Cleanup for Next Mark
[2022-09-23T22:14:09.684-0500][gc,marking  ] GC(2) Concurrent Cleanup for Next Mark 1.774ms
[2022-09-23T22:14:09.684-0500][gc          ] GC(2) Concurrent Mark Cycle 7.244ms
[2022-09-23T22:14:10.128-0500][gc,start    ] GC(3) Pause Young (Normal) (G1 Evacuation Pause)
[2022-09-23T22:14:10.128-0500][gc,task     ] GC(3) Using 10 workers of 10 for evacuation
[2022-09-23T22:14:10.130-0500][gc,phases   ] GC(3)   Pre Evacuate Collection Set: 0.1ms
[2022-09-23T22:14:10.130-0500][gc,phases   ] GC(3)   Merge Heap Roots: 0.0ms
[2022-09-23T22:14:10.130-0500][gc,phases   ] GC(3)   Evacuate Collection Set: 1.7ms
[2022-09-23T22:14:10.130-0500][gc,phases   ] GC(3)   Post Evacuate Collection Set: 0.3ms
[2022-09-23T22:14:10.130-0500][gc,phases   ] GC(3)   Other: 0.1ms
[2022-09-23T22:14:10.130-0500][gc,heap     ] GC(3) Eden regions: 49->0(45)
[2022-09-23T22:14:10.130-0500][gc,heap     ] GC(3) Survivor regions: 2->6(7)
[2022-09-23T22:14:10.130-0500][gc,heap     ] GC(3) Old regions: 8->8
[2022-09-23T22:14:10.130-0500][gc,heap     ] GC(3) Archive regions: 2->2
[2022-09-23T22:14:10.130-0500][gc,heap     ] GC(3) Humongous regions: 129->129
[2022-09-23T22:14:10.130-0500][gc,metaspace] GC(3) Metaspace: 33030K(33280K)->33030K(33280K) NonClass: 29297K(29440K)->29297K(29440K) Class: 3733K(3840K)->3733K(3840K)
[2022-09-23T22:14:10.130-0500][gc          ] GC(3) Pause Young (Normal) (G1 Evacuation Pause) 187M->142M(1024M) 2.234ms
[2022-09-23T22:14:10.130-0500][gc,cpu      ] GC(3) User=0.01s Sys=0.01s Real=0.00s
[2022-09-23T22:15:10.670-0500][gc,start    ] GC(4) Pause Young (Concurrent Start) (Metadata GC Threshold)
[2022-09-23T22:15:10.670-0500][gc,task     ] GC(4) Using 10 workers of 10 for evacuation
[2022-09-23T22:15:10.672-0500][gc,phases   ] GC(4)   Pre Evacuate Collection Set: 0.1ms
[2022-09-23T22:15:10.672-0500][gc,phases   ] GC(4)   Merge Heap Roots: 0.0ms
[2022-09-23T22:15:10.672-0500][gc,phases   ] GC(4)   Evacuate Collection Set: 1.8ms
[2022-09-23T22:15:10.672-0500][gc,phases   ] GC(4)   Post Evacuate Collection Set: 0.3ms
[2022-09-23T22:15:10.672-0500][gc,phases   ] GC(4)   Other: 0.1ms
[2022-09-23T22:15:10.672-0500][gc,heap     ] GC(4) Eden regions: 15->0(49)
[2022-09-23T22:15:10.672-0500][gc,heap     ] GC(4) Survivor regions: 6->2(7)
[2022-09-23T22:15:10.672-0500][gc,heap     ] GC(4) Old regions: 8->13
[2022-09-23T22:15:10.672-0500][gc,heap     ] GC(4) Archive regions: 2->2
[2022-09-23T22:15:10.672-0500][gc,heap     ] GC(4) Humongous regions: 129->129
[2022-09-23T22:15:10.672-0500][gc,metaspace] GC(4) Metaspace: 35826K(36160K)->35826K(36160K) NonClass: 31587K(31808K)->31587K(31808K) Class: 4239K(4352K)->4239K(4352K)
[2022-09-23T22:15:10.672-0500][gc          ] GC(4) Pause Young (Concurrent Start) (Metadata GC Threshold) 156M->143M(1024M) 2.414ms
[2022-09-23T22:15:10.672-0500][gc,cpu      ] GC(4) User=0.02s Sys=0.01s Real=0.00s
[2022-09-23T22:15:10.672-0500][gc          ] GC(5) Concurrent Mark Cycle
[2022-09-23T22:15:10.672-0500][gc,marking  ] GC(5) Concurrent Clear Claimed Marks
[2022-09-23T22:15:10.673-0500][gc,marking  ] GC(5) Concurrent Clear Claimed Marks 0.022ms
[2022-09-23T22:15:10.673-0500][gc,marking  ] GC(5) Concurrent Scan Root Regions
[2022-09-23T22:15:10.674-0500][gc,marking  ] GC(5) Concurrent Scan Root Regions 1.175ms
[2022-09-23T22:15:10.674-0500][gc,marking  ] GC(5) Concurrent Mark
[2022-09-23T22:15:10.674-0500][gc,marking  ] GC(5) Concurrent Mark From Roots
[2022-09-23T22:15:10.674-0500][gc,task     ] GC(5) Using 3 workers of 3 for marking
[2022-09-23T22:15:10.677-0500][gc,marking  ] GC(5) Concurrent Mark From Roots 2.988ms
[2022-09-23T22:15:10.677-0500][gc,marking  ] GC(5) Concurrent Preclean
[2022-09-23T22:15:10.677-0500][gc,marking  ] GC(5) Concurrent Preclean 0.074ms
[2022-09-23T22:15:10.677-0500][gc,start    ] GC(5) Pause Remark
[2022-09-23T22:15:10.678-0500][gc          ] GC(5) Pause Remark 143M->143M(1024M) 0.806ms
[2022-09-23T22:15:10.678-0500][gc,cpu      ] GC(5) User=0.00s Sys=0.00s Real=0.00s
[2022-09-23T22:15:10.678-0500][gc,marking  ] GC(5) Concurrent Mark 4.134ms
[2022-09-23T22:15:10.678-0500][gc,marking  ] GC(5) Concurrent Rebuild Remembered Sets
[2022-09-23T22:15:10.680-0500][gc,marking  ] GC(5) Concurrent Rebuild Remembered Sets 1.839ms
[2022-09-23T22:15:10.680-0500][gc,start    ] GC(5) Pause Cleanup
[2022-09-23T22:15:10.680-0500][gc          ] GC(5) Pause Cleanup 144M->144M(1024M) 0.061ms
[2022-09-23T22:15:10.680-0500][gc,cpu      ] GC(5) User=0.00s Sys=0.00s Real=0.00s
[2022-09-23T22:15:10.680-0500][gc,marking  ] GC(5) Concurrent Cleanup for Next Mark
[2022-09-23T22:15:10.682-0500][gc,marking  ] GC(5) Concurrent Cleanup for Next Mark 1.910ms
[2022-09-23T22:15:10.682-0500][gc          ] GC(5) Concurrent Mark Cycle 9.437ms
[2022-09-23T23:07:50.722-0500][gc,start    ] GC(6) Pause Young (Normal) (G1 Evacuation Pause)
[2022-09-23T23:07:50.722-0500][gc,task     ] GC(6) Using 10 workers of 10 for evacuation
[2022-09-23T23:07:50.725-0500][gc,phases   ] GC(6)   Pre Evacuate Collection Set: 0.2ms
[2022-09-23T23:07:50.725-0500][gc,phases   ] GC(6)   Merge Heap Roots: 0.1ms
[2022-09-23T23:07:50.725-0500][gc,phases   ] GC(6)   Evacuate Collection Set: 2.2ms
[2022-09-23T23:07:50.725-0500][gc,phases   ] GC(6)   Post Evacuate Collection Set: 0.5ms
[2022-09-23T23:07:50.725-0500][gc,phases   ] GC(6)   Other: 0.2ms
[2022-09-23T23:07:50.725-0500][gc,heap     ] GC(6) Eden regions: 49->0(49)
[2022-09-23T23:07:50.725-0500][gc,heap     ] GC(6) Survivor regions: 2->2(7)
[2022-09-23T23:07:50.725-0500][gc,heap     ] GC(6) Old regions: 13->13
[2022-09-23T23:07:50.725-0500][gc,heap     ] GC(6) Archive regions: 2->2
[2022-09-23T23:07:50.725-0500][gc,heap     ] GC(6) Humongous regions: 129->129
[2022-09-23T23:07:50.725-0500][gc,metaspace] GC(6) Metaspace: 37919K(38400K)->37919K(38400K) NonClass: 33401K(33664K)->33401K(33664K) Class: 4517K(4736K)->4517K(4736K)
[2022-09-23T23:07:50.725-0500][gc          ] GC(6) Pause Young (Normal) (G1 Evacuation Pause) 192M->143M(1024M) 3.385ms
[2022-09-23T23:07:50.725-0500][gc,cpu      ] GC(6) User=0.03s Sys=0.00s Real=0.00s
