[2022-09-23T22:12:35.947-0500][gc] Using G1
[2022-09-23T22:12:35.953-0500][gc,init] Version: 17.0.4+8-Ubuntu-122.04 (release)
[2022-09-23T22:12:35.953-0500][gc,init] CPUs: 12 total, 12 available
[2022-09-23T22:12:35.953-0500][gc,init] Memory: 15723M
[2022-09-23T22:12:35.953-0500][gc,init] Large Page Support: Disabled
[2022-09-23T22:12:35.953-0500][gc,init] NUMA Support: Disabled
[2022-09-23T22:12:35.953-0500][gc,init] Compressed Oops: Enabled (32-bit)
[2022-09-23T22:12:35.953-0500][gc,init] Heap Region Size: 1M
[2022-09-23T22:12:35.953-0500][gc,init] Heap Min Capacity: 512M
[2022-09-23T22:12:35.953-0500][gc,init] Heap Initial Capacity: 512M
[2022-09-23T22:12:35.953-0500][gc,init] Heap Max Capacity: 512M
[2022-09-23T22:12:35.953-0500][gc,init] Pre-touch: Disabled
[2022-09-23T22:12:35.953-0500][gc,init] Parallel Workers: 10
[2022-09-23T22:12:35.953-0500][gc,init] Concurrent Workers: 3
[2022-09-23T22:12:35.953-0500][gc,init] Concurrent Refinement Workers: 10
[2022-09-23T22:12:35.953-0500][gc,init] Periodic GC: Disabled
[2022-09-23T22:12:35.954-0500][gc,metaspace] CDS archive(s) mapped at: [0x0000000800000000-0x0000000800be3000-0x0000000800be3000), size 12464128, SharedBaseAddress: 0x0000000800000000, ArchiveRelocationMode: 0.
[2022-09-23T22:12:35.954-0500][gc,metaspace] Compressed class space mapped at: 0x0000000800c00000-0x0000000840c00000, reserved size: 1073741824
[2022-09-23T22:12:35.954-0500][gc,metaspace] Narrow klass base: 0x0000000800000000, Narrow klass shift: 0, Narrow klass range: 0x100000000
[2022-09-23T22:14:09.370-0500][gc,start    ] GC(0) Pause Young (Normal) (G1 Evacuation Pause)
[2022-09-23T22:14:09.370-0500][gc,task     ] GC(0) Using 10 workers of 10 for evacuation
[2022-09-23T22:14:09.372-0500][gc,phases   ] GC(0)   Pre Evacuate Collection Set: 0.1ms
[2022-09-23T22:14:09.372-0500][gc,phases   ] GC(0)   Merge Heap Roots: 0.0ms
[2022-09-23T22:14:09.372-0500][gc,phases   ] GC(0)   Evacuate Collection Set: 1.9ms
[2022-09-23T22:14:09.372-0500][gc,phases   ] GC(0)   Post Evacuate Collection Set: 0.2ms
[2022-09-23T22:14:09.372-0500][gc,phases   ] GC(0)   Other: 0.4ms
[2022-09-23T22:14:09.372-0500][gc,heap     ] GC(0) Eden regions: 25->0(21)
[2022-09-23T22:14:09.372-0500][gc,heap     ] GC(0) Survivor regions: 0->4(4)
[2022-09-23T22:14:09.372-0500][gc,heap     ] GC(0) Old regions: 0->3
[2022-09-23T22:14:09.372-0500][gc,heap     ] GC(0) Archive regions: 2->2
[2022-09-23T22:14:09.372-0500][gc,heap     ] GC(0) Humongous regions: 0->0
[2022-09-23T22:14:09.372-0500][gc,metaspace] GC(0) Metaspace: 7942K(8064K)->7942K(8064K) NonClass: 7051K(7104K)->7051K(7104K) Class: 890K(960K)->890K(960K)
[2022-09-23T22:14:09.372-0500][gc          ] GC(0) Pause Young (Normal) (G1 Evacuation Pause) 25M->7M(512M) 2.683ms
[2022-09-23T22:14:09.372-0500][gc,cpu      ] GC(0) User=0.01s Sys=0.00s Real=0.00s
